2025-12-29 20:19:17,275 [INFO] Processing: /Users/matthewyang/Desktop/test-warc.gz
